// Jest Snapshot v1, https://goo.gl/fbAQLP

exports[`renders correctly 1`] = `
<div
  className="calculator-layout"
>
  <div
    className="result"
  >
    0
  </div>
  <ul
    className="row"
  >
    <li
      className=""
    >
      <button
        onClick={[Function]}
        type="button"
      >
        AC
      </button>
    </li>
    <li
      className=""
    >
      <button
        onClick={[Function]}
        type="button"
      >
        +/-
      </button>
    </li>
    <li
      className=""
    >
      <button
        onClick={[Function]}
        type="button"
      >
        %
      </button>
    </li>
    <li
      className=""
    >
      <button
        onClick={[Function]}
        type="button"
      >
        รท
      </button>
    </li>
  </ul>
  <ul
    className="row"
  >
    <li
      className=""
    >
      <button
        onClick={[Function]}
        type="button"
      >
        7
      </button>
    </li>
    <li
      className=""
    >
      <button
        onClick={[Function]}
        type="button"
      >
        8
      </button>
    </li>
    <li
      className=""
    >
      <button
        onClick={[Function]}
        type="button"
      >
        9
      </button>
    </li>
    <li
      className=""
    >
      <button
        onClick={[Function]}
        type="button"
      >
        x
      </button>
    </li>
  </ul>
  <ul
    className="row"
  >
    <li
      className=""
    >
      <button
        onClick={[Function]}
        type="button"
      >
        4
      </button>
    </li>
    <li
      className=""
    >
      <button
        onClick={[Function]}
        type="button"
      >
        5
      </button>
    </li>
    <li
      className=""
    >
      <button
        onClick={[Function]}
        type="button"
      >
        6
      </button>
    </li>
    <li
      className=""
    >
      <button
        onClick={[Function]}
        type="button"
      >
        -
      </button>
    </li>
  </ul>
  <ul
    className="row"
  >
    <li
      className=""
    >
      <button
        onClick={[Function]}
        type="button"
      >
        1
      </button>
    </li>
    <li
      className=""
    >
      <button
        onClick={[Function]}
        type="button"
      >
        2
      </button>
    </li>
    <li
      className=""
    >
      <button
        onClick={[Function]}
        type="button"
      >
        3
      </button>
    </li>
    <li
      className=""
    >
      <button
        onClick={[Function]}
        type="button"
      >
        +
      </button>
    </li>
  </ul>
  <ul
    className="row"
  >
    <li
      className="zero"
    >
      <button
        onClick={[Function]}
        type="button"
      >
        0
      </button>
    </li>
    <li
      className=""
    >
      <button
        onClick={[Function]}
        type="button"
      >
        .
      </button>
    </li>
    <li
      className="equalBtn"
    >
      <button
        onClick={[Function]}
        type="button"
      >
        =
      </button>
    </li>
  </ul>
</div>
`;
